======================================================================
TOP-N CONSISTENCY ANALYSIS TEST
======================================================================

[INFO] 15 slides and 143 chunks created
[INFO] Window size: 12 words

======================================================================
SCENARIO 1: NORMAL SITUATION
  Speaker is on Slide 14, buffer is fully consistent
======================================================================

[INPUT] "urun kaliteli malzeme ile uretildi ve musteri memnuniyeti icin ozel tasarlandi"
[POSITION] Current slide: 14
[CANDIDATES] 42 candidate chunks

----------------------------------------------------------------------
Rank   Slide    Score      Chunk Content (first 40 chars)
----------------------------------------------------------------------
1      14       96.1%      urun kaliteli malzeme ile uretildi ve mu...
2      15       89.2%      kaliteli malzeme ile uretildi ve musteri...
3      14       86.8%      olacak urun kaliteli malzeme ile uretild...
4      14       86.1%      sunuluyor olacak urun kaliteli malzeme i...
5      15       82.6%      malzeme ile uretildi ve musteri memnuniy...
----------------------------------------------------------------------

[ANALYSIS] CONSISTENT: Slide 14 leads by 6.9% over Slide 15 (threshold: 5.0%)
[DECISION] NAVIGATE -> Slide 14

======================================================================
SCENARIO 2: AFTER MANUAL INTERVENTION
  Supervisor moved to Slide 11, buffer is mixed (8 words from Slide 14, 4 from Slide 11)
======================================================================

[INPUT] "malzeme ile uretildi ve musteri memnuniyeti gecen yil basladik projeye"
[POSITION] Current slide (set by supervisor): 11
[CANDIDATES] 53 candidate chunks

----------------------------------------------------------------------
Rank   Slide    Score      Chunk Content (first 40 chars)
----------------------------------------------------------------------
1      11       61.5%      sesli komut destegi coklu dil anlama bag...
2      11       61.5%      destegi coklu dil anlama baglam farkinda...
3      11       60.4%      anlama baglam farkindaligi gecen yil bas...
4      11       60.4%      gecen yil basladik projeye ve arastirma ...
5      11       60.3%      coklu dil anlama baglam farkindaligi gec...
----------------------------------------------------------------------

[ANALYSIS] CONSISTENT: Top 2 results both point to Slide 11 (61.5% and 61.5%)
[DECISION] NAVIGATE -> Slide 11

======================================================================
SCENARIO 3: BUFFER FULLY REFRESHED
  Speaker continued reading Slide 11, buffer is now fully refreshed
======================================================================

[INPUT] "gecen yil basladik projeye ve arastirma asamasinda cok onemli bulgular elde"
[POSITION] Current slide: 11
[CANDIDATES] 53 candidate chunks

----------------------------------------------------------------------
Rank   Slide    Score      Chunk Content (first 40 chars)
----------------------------------------------------------------------
1      11       96.8%      gecen yil basladik projeye ve arastirma ...
2      11       91.1%      farkindaligi gecen yil basladik projeye ...
3      12       90.4%      yil basladik projeye ve arastirma asamas...
4      11       86.5%      baglam farkindaligi gecen yil basladik p...
5      12       85.2%      basladik projeye ve arastirma asamasinda...
----------------------------------------------------------------------

[ANALYSIS] CONSISTENT: Top 2 results both point to Slide 11 (96.8% and 91.1%)
[DECISION] NAVIGATE -> Slide 11

======================================================================
SUMMARY
======================================================================

    SCENARIO 1 (Normal):     Buffer consistent    -> Navigation allowed
    SCENARIO 2 (Intervened): Buffer mixed         -> Wait, don't override
    SCENARIO 3 (Refreshed):  Buffer refreshed     -> Navigation allowed
    
    This approach:
    - Uses existing API (compare() already returns sorted list)
    - Doesn't change chunk size (still 12 words)
    - Only adds consistency check to decision mechanism
    - Doesn't need to "know" about intervention, detects inconsistency
    
